2026-05-21 14:05:06.869 | INFO  | [main] | org.apache.coyote.http11.Http11NioProtocol | Initializing ProtocolHandler ["http-nio-8012"]
2026-05-21 14:05:06.872 | INFO  | [main] | org.apache.catalina.core.StandardService | Starting service [Tomcat]
2026-05-21 14:05:06.873 | INFO  | [main] | org.apache.catalina.core.StandardEngine | Starting Servlet engine: [Apache Tomcat/11.0.21]
2026-05-21 14:05:07.069 | INFO  | [main] | cn.keking.config.ConfigRefreshComponent | 配置文件重新加载完成
2026-05-21 14:05:07.073 | INFO  | [pool-3-thread-1] | cn.keking.config.ConfigRefreshComponent | 开始监听配置文件: E:\Project\mygit\kkFileView\server\src\main\config\application.properties
2026-05-21 14:05:07.308 | WARN  | [main] | cn.keking.service.CadToPdfService | Aspose CAD 运行时不可用，请使用 -Pwith-aspose-cad 构建，或配置 cad.cadconverterpath 启用外部 CAD 转换器。
2026-05-21 14:05:07.310 | INFO  | [main] | cn.keking.service.CadToPdfService | CAD转换服务初始化完成，最大并发数: 5，转换超时: 90秒
2026-05-21 14:05:07.316 | INFO  | [main] | cn.keking.service.FileConvertQueueTask | 队列处理文件转换任务启动完成 
2026-05-21 14:05:07.919 | ERROR | [main] | cn.keking.service.OfficePluginManager | 启动office组件失败，请检查office组件是否可用
2026-05-21 14:05:07.921 | WARN  | [main] | o.s.b.w.s.s.c.AnnotationConfigServletWebServerApplicationContext | Exception encountered during context initialization - cancelling refresh attempt: org.springframework.beans.factory.BeanCreationException: Error creating bean with name 'officePluginManager': Invocation of init method failed
2026-05-21 14:05:07.922 | INFO  | [main] | cn.keking.service.CadToPdfService | 开始关闭CAD转换服务，正在运行的任务数: 0
2026-05-21 14:05:07.925 | INFO  | [main] | org.apache.catalina.core.StandardService | Stopping service [Tomcat]
2026-05-21 14:05:07.941 | ERROR | [main] | org.springframework.boot.SpringApplication | Application run failed
org.springframework.beans.factory.BeanCreationException: Error creating bean with name 'officePluginManager': Invocation of init method failed
	at org.springframework.beans.factory.annotation.InitDestroyAnnotationBeanPostProcessor.postProcessBeforeInitialization(InitDestroyAnnotationBeanPostProcessor.java:220)
	at org.springframework.beans.factory.support.AbstractAutowireCapableBeanFactory.applyBeanPostProcessorsBeforeInitialization(AbstractAutowireCapableBeanFactory.java:426)
	at org.springframework.beans.factory.support.AbstractAutowireCapableBeanFactory.initializeBean(AbstractAutowireCapableBeanFactory.java:1809)
	at org.springframework.beans.factory.support.AbstractAutowireCapableBeanFactory.doCreateBean(AbstractAutowireCapableBeanFactory.java:603)
	at org.springframework.beans.factory.support.AbstractAutowireCapableBeanFactory.createBean(AbstractAutowireCapableBeanFactory.java:525)
	at org.springframework.beans.factory.support.AbstractBeanFactory.lambda$doGetBean$0(AbstractBeanFactory.java:333)
	at org.springframework.beans.factory.support.DefaultSingletonBeanRegistry.getSingleton(DefaultSingletonBeanRegistry.java:371)
	at org.springframework.beans.factory.support.AbstractBeanFactory.doGetBean(AbstractBeanFactory.java:331)
	at org.springframework.beans.factory.support.AbstractBeanFactory.getBean(AbstractBeanFactory.java:196)
	at org.springframework.beans.factory.support.DefaultListableBeanFactory.instantiateSingleton(DefaultListableBeanFactory.java:1218)
	at org.springframework.beans.factory.support.DefaultListableBeanFactory.preInstantiateSingleton(DefaultListableBeanFactory.java:1184)
	at org.springframework.beans.factory.support.DefaultListableBeanFactory.preInstantiateSingletons(DefaultListableBeanFactory.java:1121)
	at org.springframework.context.support.AbstractApplicationContext.finishBeanFactoryInitialization(AbstractApplicationContext.java:994)
	at org.springframework.context.support.AbstractApplicationContext.refresh(AbstractApplicationContext.java:621)
	at org.springframework.boot.web.server.servlet.context.ServletWebServerApplicationContext.refresh(ServletWebServerApplicationContext.java:143)
	at org.springframework.boot.SpringApplication.refresh(SpringApplication.java:756)
	at org.springframework.boot.SpringApplication.refreshContext(SpringApplication.java:445)
	at org.springframework.boot.SpringApplication.run(SpringApplication.java:321)
	at org.springframework.boot.builder.SpringApplicationBuilder.run(SpringApplicationBuilder.java:154)
	at cn.keking.ServerMain.main(ServerMain.java:26)
	at java.base/jdk.internal.reflect.DirectMethodHandleAccessor.invoke(DirectMethodHandleAccessor.java:104)
	at java.base/java.lang.reflect.Method.invoke(Method.java:565)
	at org.springframework.boot.loader.launch.Launcher.launch(Launcher.java:106)
	at org.springframework.boot.loader.launch.Launcher.launch(Launcher.java:64)
	at org.springframework.boot.loader.launch.JarLauncher.main(JarLauncher.java:40)
Caused by: java.lang.IllegalStateException: Invalid officeHome: it doesn't contain soffice.bin: E:\Project\mygit\kkFileView\server\LibreOfficePortable\App\libreoffice\program
	at org.jodconverter.local.office.LocalOfficeUtils.validateOfficeHome(LocalOfficeUtils.java:379)
	at org.jodconverter.local.office.LocalOfficeManager$Builder.build(LocalOfficeManager.java:200)
	at cn.keking.service.OfficePluginManager.startOfficeManager(OfficePluginManager.java:76)
	at java.base/jdk.internal.reflect.DirectMethodHandleAccessor.invoke(DirectMethodHandleAccessor.java:104)
	at java.base/java.lang.reflect.Method.invoke(Method.java:565)
	at org.springframework.beans.factory.annotation.InitDestroyAnnotationBeanPostProcessor$LifecycleMethod.invoke(InitDestroyAnnotationBeanPostProcessor.java:453)
	at org.springframework.beans.factory.annotation.InitDestroyAnnotationBeanPostProcessor$LifecycleMetadata.invokeInitMethods(InitDestroyAnnotationBeanPostProcessor.java:397)
	at org.springframework.beans.factory.annotation.InitDestroyAnnotationBeanPostProcessor.postProcessBeforeInitialization(InitDestroyAnnotationBeanPostProcessor.java:217)
	... 24 common frames omitted
2026-05-21 14:07:36.896 | INFO  | [main] | org.apache.coyote.http11.Http11NioProtocol | Initializing ProtocolHandler ["http-nio-8012"]
2026-05-21 14:07:36.898 | INFO  | [main] | org.apache.catalina.core.StandardService | Starting service [Tomcat]
2026-05-21 14:07:36.898 | INFO  | [main] | org.apache.catalina.core.StandardEngine | Starting Servlet engine: [Apache Tomcat/11.0.21]
2026-05-21 14:07:37.149 | INFO  | [main] | cn.keking.config.ConfigRefreshComponent | 配置文件重新加载完成
2026-05-21 14:07:37.153 | INFO  | [pool-3-thread-1] | cn.keking.config.ConfigRefreshComponent | 开始监听配置文件: E:\Project\mygit\kkFileView\server\src\main\config\application.properties
2026-05-21 14:07:37.416 | WARN  | [main] | cn.keking.service.CadToPdfService | Aspose CAD 运行时不可用，请使用 -Pwith-aspose-cad 构建，或配置 cad.cadconverterpath 启用外部 CAD 转换器。
2026-05-21 14:07:37.418 | INFO  | [main] | cn.keking.service.CadToPdfService | CAD转换服务初始化完成，最大并发数: 5，转换超时: 90秒
2026-05-21 14:07:37.427 | INFO  | [main] | cn.keking.service.FileConvertQueueTask | 队列处理文件转换任务启动完成 
2026-05-21 14:07:38.134 | INFO  | [main] | cn.keking.service.PdfToJpgService | PDF转换执行器初始化完成，工作线程数: 10，文档并发上限: 4
2026-05-21 14:07:38.136 | INFO  | [main] | cn.keking.service.PdfToJpgService | 缓存清理任务已启动（每5分钟执行一次）
2026-05-21 14:07:38.167 | INFO  | [main] | cn.keking.service.TifToPdfService | TIF转换虚拟线程执行器初始化完成
2026-05-21 14:07:38.560 | WARN  | [jodconverter-offprocmng-1] | o.j.local.office.LocalOfficeProcessManager | Profile dir 'C:\Users\mervy\AppData\Local\Temp\.jodconverter_socket_host-127.0.0.1_port-2002_tcpNoDelay-1' already exists; deleting
2026-05-21 14:07:38.565 | WARN  | [jodconverter-offprocmng-0] | o.j.local.office.LocalOfficeProcessManager | Profile dir 'C:\Users\mervy\AppData\Local\Temp\.jodconverter_socket_host-127.0.0.1_port-2001_tcpNoDelay-1' already exists; deleting
2026-05-21 14:07:38.693 | INFO  | [jodconverter-offprocmng-1] | o.j.local.office.LocalOfficeProcessManager | Starting process with --accept 'socket,host=127.0.0.1,port=2002,tcpNoDelay=1;urp;StarOffice.ServiceManager' and profileDir 'C:\Users\mervy\AppData\Local\Temp\.jodconverter_socket_host-127.0.0.1_port-2002_tcpNoDelay-1'
2026-05-21 14:07:38.694 | INFO  | [jodconverter-offprocmng-0] | o.j.local.office.LocalOfficeProcessManager | Starting process with --accept 'socket,host=127.0.0.1,port=2001,tcpNoDelay=1;urp;StarOffice.ServiceManager' and profileDir 'C:\Users\mervy\AppData\Local\Temp\.jodconverter_socket_host-127.0.0.1_port-2001_tcpNoDelay-1'
2026-05-21 14:07:39.188 | INFO  | [main] | cn.keking.config.WebConfig | Add resource locations: E:\Project\mygit\kkFileView\server\src\main\file\
2026-05-21 14:07:39.986 | INFO  | [main] | org.apache.coyote.http11.Http11NioProtocol | Starting ProtocolHandler ["http-nio-8012"]
2026-05-21 14:07:40.179 | INFO  | [main] | cn.keking.ServerMain | kkFileView 服务启动完成，耗时:5.3307242s，演示页请访问: http://127.0.0.1:8012/ 
2026-05-21 14:07:44.459 | INFO  | [jodconverter-offprocmng-1] | org.jodconverter.local.office.OfficeConnection | Connected: 'socket,host=127.0.0.1,port=2002,tcpNoDelay=1'
2026-05-21 14:07:44.459 | INFO  | [jodconverter-offprocmng-1] | o.j.local.office.LocalOfficeProcessManager | Started process; pid: 9240
2026-05-21 14:07:45.743 | INFO  | [jodconverter-offprocmng-0] | org.jodconverter.local.office.OfficeConnection | Connected: 'socket,host=127.0.0.1,port=2001,tcpNoDelay=1'
2026-05-21 14:07:45.743 | INFO  | [jodconverter-offprocmng-0] | o.j.local.office.LocalOfficeProcessManager | Started process; pid: 13996
