2026-05-20 13:42:28.395 | INFO  | [main] | cn.keking.EncodingTests | Starting EncodingTests using Java 25 with PID 13632 (started by mervy in E:\Project\mygit\kkFileView\server)
2026-05-20 13:42:28.396 | INFO  | [main] | cn.keking.EncodingTests | No active profile set, falling back to 1 default profile: "default"
2026-05-20 13:42:29.212 | INFO  | [main] | cn.keking.config.ConfigRefreshComponent | 配置文件重新加载完成
2026-05-20 13:42:29.215 | INFO  | [pool-4-thread-1] | cn.keking.config.ConfigRefreshComponent | 开始监听配置文件: E:\Project\mygit\kkFileView\server\src\main\config\application.properties
2026-05-20 13:42:29.579 | WARN  | [main] | cn.keking.service.CadToPdfService | Aspose CAD 运行时不可用，请使用 -Pwith-aspose-cad 构建，或配置 cad.cadconverterpath 启用外部 CAD 转换器。
2026-05-20 13:42:29.581 | INFO  | [main] | cn.keking.service.CadToPdfService | CAD转换服务初始化完成，最大并发数: 5，转换超时: 90秒
2026-05-20 13:42:29.591 | INFO  | [main] | cn.keking.service.FileConvertQueueTask | 队列处理文件转换任务启动完成 
2026-05-20 13:42:29.596 | INFO  | [main] | cn.keking.service.PdfToJpgService | PDF转换执行器初始化完成，工作线程数: 10，文档并发上限: 4
2026-05-20 13:42:29.597 | INFO  | [main] | cn.keking.service.PdfToJpgService | 缓存清理任务已启动（每5分钟执行一次）
2026-05-20 13:42:29.619 | INFO  | [main] | cn.keking.service.TifToPdfService | TIF转换虚拟线程执行器初始化完成
2026-05-20 13:42:29.966 | WARN  | [main] | cn.keking.service.OfficePluginManager | 检测到有正在运行的office进程，已自动结束该进程
2026-05-20 13:42:30.393 | INFO  | [main] | cn.keking.config.WebConfig | Add resource locations: E:\Project\mygit\kkFileView\server\src\main\file\
2026-05-20 13:42:30.425 | WARN  | [jodconverter-offprocmng-1] | o.j.local.office.LocalOfficeProcessManager | Profile dir 'C:\Users\mervy\AppData\Local\Temp\.jodconverter_socket_host-127.0.0.1_port-2002_tcpNoDelay-1' already exists; deleting
2026-05-20 13:42:30.427 | WARN  | [jodconverter-offprocmng-0] | o.j.local.office.LocalOfficeProcessManager | Profile dir 'C:\Users\mervy\AppData\Local\Temp\.jodconverter_socket_host-127.0.0.1_port-2001_tcpNoDelay-1' already exists; deleting
2026-05-20 13:42:30.689 | INFO  | [jodconverter-offprocmng-0] | o.j.local.office.LocalOfficeProcessManager | Starting process with --accept 'socket,host=127.0.0.1,port=2001,tcpNoDelay=1;urp;StarOffice.ServiceManager' and profileDir 'C:\Users\mervy\AppData\Local\Temp\.jodconverter_socket_host-127.0.0.1_port-2001_tcpNoDelay-1'
2026-05-20 13:42:30.695 | INFO  | [jodconverter-offprocmng-1] | o.j.local.office.LocalOfficeProcessManager | Starting process with --accept 'socket,host=127.0.0.1,port=2002,tcpNoDelay=1;urp;StarOffice.ServiceManager' and profileDir 'C:\Users\mervy\AppData\Local\Temp\.jodconverter_socket_host-127.0.0.1_port-2002_tcpNoDelay-1'
2026-05-20 13:42:30.880 | INFO  | [main] | cn.keking.EncodingTests | Started EncodingTests in 2.774 seconds (process running for 4.0)
2026-05-20 13:42:31.317 | ERROR | [jodconverter-offprocmng-1] | o.j.local.office.LocalOfficeProcessManager | Could not start the office process.
org.jodconverter.core.office.OfficeException: An error prevents us to start a process with --accept 'socket,host=127.0.0.1,port=2002,tcpNoDelay=1;urp;StarOffice.ServiceManager'
	at org.jodconverter.local.office.LocalOfficeProcessManager.executeStartProcessAndConnect(LocalOfficeProcessManager.java:405)
	at org.jodconverter.local.office.LocalOfficeProcessManager.startProcessAndConnect(LocalOfficeProcessManager.java:361)
	at org.jodconverter.local.office.LocalOfficeProcessManager.lambda$start$1(LocalOfficeProcessManager.java:190)
	at java.base/java.util.concurrent.ThreadPoolExecutor.runWorker(ThreadPoolExecutor.java:1090)
	at java.base/java.util.concurrent.ThreadPoolExecutor$Worker.run(ThreadPoolExecutor.java:614)
	at java.base/java.lang.Thread.run(Thread.java:1474)
Caused by: org.jodconverter.core.office.OfficeException: Office process died with exit code 1
	at org.jodconverter.local.office.StartProcessAndConnectRetryable.handleConnectionFailure(StartProcessAndConnectRetryable.java:254)
	at org.jodconverter.local.office.StartProcessAndConnectRetryable.attempt(StartProcessAndConnectRetryable.java:116)
	at org.jodconverter.core.office.AbstractRetryable.execute(AbstractRetryable.java:86)
	at org.jodconverter.core.office.AbstractRetryable.execute(AbstractRetryable.java:60)
	at org.jodconverter.local.office.LocalOfficeProcessManager.executeStartProcessAndConnect(LocalOfficeProcessManager.java:391)
	... 5 common frames omitted
Caused by: org.jodconverter.local.office.OfficeConnectionException: Connection failed: 'socket,host=127.0.0.1,port=2002,tcpNoDelay=1'; java.net.ConnectException: Connection refused: connect
	at org.jodconverter.local.office.OfficeConnection.connect(OfficeConnection.java:130)
	at org.jodconverter.local.office.StartProcessAndConnectRetryable.attempt(StartProcessAndConnectRetryable.java:106)
	... 8 common frames omitted
Caused by: com.sun.star.connection.NoConnectException: java.net.ConnectException: Connection refused: connect
	at com.sun.star.lib.connections.socket.socketConnector.connect(socketConnector.java:144)
	at com.sun.star.comp.connections.Connector.connect(Connector.java:119)
	at org.jodconverter.local.office.OfficeConnection.createConnection(OfficeConnection.java:232)
	at org.jodconverter.local.office.OfficeConnection.connect(OfficeConnection.java:108)
	... 9 common frames omitted
2026-05-20 13:42:32.126 | WARN  | [main] | cn.keking.web.filter.TrustHostFilter | 主机名为空或无效，拒绝访问
2026-05-20 13:42:32.127 | WARN  | [main] | cn.keking.web.filter.TrustHostFilter | 主机名为空或无效，拒绝访问
2026-05-20 13:42:32.171 | INFO  | [SpringApplicationShutdownHook] | cn.keking.utils.HttpRequestUtils | 开始清理HTTP连接池资源...
2026-05-20 13:42:32.172 | INFO  | [SpringApplicationShutdownHook] | cn.keking.utils.HttpRequestUtils | HTTP连接池资源清理完成
2026-05-20 13:42:32.172 | INFO  | [SpringApplicationShutdownHook] | cn.keking.service.TifToPdfService | 开始关闭TIF转换服务...
2026-05-20 13:42:32.172 | INFO  | [SpringApplicationShutdownHook] | cn.keking.service.TifToPdfService | 虚拟线程执行器已关闭
2026-05-20 13:42:32.172 | INFO  | [SpringApplicationShutdownHook] | cn.keking.service.TifToPdfService | TIF转换服务已关闭
2026-05-20 13:42:32.172 | INFO  | [SpringApplicationShutdownHook] | cn.keking.service.PdfToJpgService | 开始关闭PDF转换服务...
2026-05-20 13:42:32.173 | INFO  | [SpringApplicationShutdownHook] | cn.keking.service.PdfToJpgService | 已取消 0 个运行中的PDF转换任务
2026-05-20 13:42:32.174 | INFO  | [SpringApplicationShutdownHook] | cn.keking.service.PdfToJpgService | PDF转换服务已完全关闭
2026-05-20 13:42:32.174 | INFO  | [SpringApplicationShutdownHook] | cn.keking.service.CadToPdfService | 开始关闭CAD转换服务，正在运行的任务数: 0
