2026-05-20 13:42:31.317 | ERROR | [jodconverter-offprocmng-1] | o.j.local.office.LocalOfficeProcessManager | Could not start the office process.
org.jodconverter.core.office.OfficeException: An error prevents us to start a process with --accept 'socket,host=127.0.0.1,port=2002,tcpNoDelay=1;urp;StarOffice.ServiceManager'
	at org.jodconverter.local.office.LocalOfficeProcessManager.executeStartProcessAndConnect(LocalOfficeProcessManager.java:405)
	at org.jodconverter.local.office.LocalOfficeProcessManager.startProcessAndConnect(LocalOfficeProcessManager.java:361)
	at org.jodconverter.local.office.LocalOfficeProcessManager.lambda$start$1(LocalOfficeProcessManager.java:190)
	at java.base/java.util.concurrent.ThreadPoolExecutor.runWorker(ThreadPoolExecutor.java:1090)
	at java.base/java.util.concurrent.ThreadPoolExecutor$Worker.run(ThreadPoolExecutor.java:614)
	at java.base/java.lang.Thread.run(Thread.java:1474)
Caused by: org.jodconverter.core.office.OfficeException: Office process died with exit code 1
	at org.jodconverter.local.office.StartProcessAndConnectRetryable.handleConnectionFailure(StartProcessAndConnectRetryable.java:254)
	at org.jodconverter.local.office.StartProcessAndConnectRetryable.attempt(StartProcessAndConnectRetryable.java:116)
	at org.jodconverter.core.office.AbstractRetryable.execute(AbstractRetryable.java:86)
	at org.jodconverter.core.office.AbstractRetryable.execute(AbstractRetryable.java:60)
	at org.jodconverter.local.office.LocalOfficeProcessManager.executeStartProcessAndConnect(LocalOfficeProcessManager.java:391)
	... 5 common frames omitted
Caused by: org.jodconverter.local.office.OfficeConnectionException: Connection failed: 'socket,host=127.0.0.1,port=2002,tcpNoDelay=1'; java.net.ConnectException: Connection refused: connect
	at org.jodconverter.local.office.OfficeConnection.connect(OfficeConnection.java:130)
	at org.jodconverter.local.office.StartProcessAndConnectRetryable.attempt(StartProcessAndConnectRetryable.java:106)
	... 8 common frames omitted
Caused by: com.sun.star.connection.NoConnectException: java.net.ConnectException: Connection refused: connect
	at com.sun.star.lib.connections.socket.socketConnector.connect(socketConnector.java:144)
	at com.sun.star.comp.connections.Connector.connect(Connector.java:119)
	at org.jodconverter.local.office.OfficeConnection.createConnection(OfficeConnection.java:232)
	at org.jodconverter.local.office.OfficeConnection.connect(OfficeConnection.java:108)
	... 9 common frames omitted
